2026-07-23T20:41:55+02:00 catalogo Array
(
    [0] => Array
        (
            [0] => 42S02
            [SQLSTATE] => 42S02
            [1] => 208
            [code] => 208
            [2] => [Microsoft][ODBC Driver 17 for SQL Server][SQL Server]Invalid object name 'tblMXPRCatProductoWR'.
            [message] => [Microsoft][ODBC Driver 17 for SQL Server][SQL Server]Invalid object name 'tblMXPRCatProductoWR'.
        )

)

2026-07-23T20:44:17+02:00 catalogo Array
(
    [0] => Array
        (
            [0] => 42S22
            [SQLSTATE] => 42S22
            [1] => 207
            [code] => 207
            [2] => [Microsoft][ODBC Driver 17 for SQL Server][SQL Server]Invalid column name 'nombre'.
            [message] => [Microsoft][ODBC Driver 17 for SQL Server][SQL Server]Invalid column name 'nombre'.
        )

    [1] => Array
        (
            [0] => 42S22
            [SQLSTATE] => 42S22
            [1] => 207
            [code] => 207
            [2] => [Microsoft][ODBC Driver 17 for SQL Server][SQL Server]Invalid column name 'clave'.
            [message] => [Microsoft][ODBC Driver 17 for SQL Server][SQL Server]Invalid column name 'clave'.
        )

)

2026-07-23T20:45:42+02:00 listar Array
(
    [0] => Array
        (
            [0] => 42S02
            [SQLSTATE] => 42S02
            [1] => 208
            [code] => 208
            [2] => [Microsoft][ODBC Driver 17 for SQL Server][SQL Server]Invalid object name 'tblMXPRBajadasFormulados'.
            [message] => [Microsoft][ODBC Driver 17 for SQL Server][SQL Server]Invalid object name 'tblMXPRBajadasFormulados'.
        )

)

2026-07-23T20:48:26+02:00 crear Array
(
    [0] => Array
        (
            [0] => 42S22
            [SQLSTATE] => 42S22
            [1] => 207
            [code] => 207
            [2] => [Microsoft][ODBC Driver 17 for SQL Server][SQL Server]Invalid column name 'productoId'.
            [message] => [Microsoft][ODBC Driver 17 for SQL Server][SQL Server]Invalid column name 'productoId'.
        )

)

2026-07-23T21:10:50+02:00 zpl Array
(
    [0] => Array
        (
            [0] => 42S02
            [SQLSTATE] => 42S02
            [1] => 208
            [code] => 208
            [2] => [Microsoft][ODBC Driver 17 for SQL Server][SQL Server]Invalid object name 'tblMXPRBajadasFormulados'.
            [message] => [Microsoft][ODBC Driver 17 for SQL Server][SQL Server]Invalid object name 'tblMXPRBajadasFormulados'.
        )

)

2026-07-23T21:11:34+02:00 zpl Array
(
    [0] => Array
        (
            [0] => 42S02
            [SQLSTATE] => 42S02
            [1] => 208
            [code] => 208
            [2] => [Microsoft][ODBC Driver 17 for SQL Server][SQL Server]Invalid object name 'tblMXPRBajadasFormulados'.
            [message] => [Microsoft][ODBC Driver 17 for SQL Server][SQL Server]Invalid object name 'tblMXPRBajadasFormulados'.
        )

)

2026-07-23T21:11:56+02:00 zpl Array
(
    [0] => Array
        (
            [0] => 42S02
            [SQLSTATE] => 42S02
            [1] => 208
            [code] => 208
            [2] => [Microsoft][ODBC Driver 17 for SQL Server][SQL Server]Invalid object name 'tblMXPRBajadasFormulados'.
            [message] => [Microsoft][ODBC Driver 17 for SQL Server][SQL Server]Invalid object name 'tblMXPRBajadasFormulados'.
        )

)

2026-07-23T21:13:13+02:00 zpl Array
(
    [0] => Array
        (
            [0] => 42S02
            [SQLSTATE] => 42S02
            [1] => 208
            [code] => 208
            [2] => [Microsoft][ODBC Driver 17 for SQL Server][SQL Server]Invalid object name 'tblMXPRBajadasFormulados'.
            [message] => [Microsoft][ODBC Driver 17 for SQL Server][SQL Server]Invalid object name 'tblMXPRBajadasFormulados'.
        )

)

2026-07-23T21:14:52+02:00 crear Array
(
    [0] => Array
        (
            [0] => 07002
            [SQLSTATE] => 07002
            [1] => 0
            [code] => 0
            [2] => [Microsoft][ODBC Driver 17 for SQL Server]COUNT field incorrect or syntax error
            [message] => [Microsoft][ODBC Driver 17 for SQL Server]COUNT field incorrect or syntax error
        )

)

2026-07-23T21:17:06+02:00 zpl Array
(
    [0] => Array
        (
            [0] => 42S02
            [SQLSTATE] => 42S02
            [1] => 208
            [code] => 208
            [2] => [Microsoft][ODBC Driver 17 for SQL Server][SQL Server]Invalid object name 'tblMXPRBajadasFormulados'.
            [message] => [Microsoft][ODBC Driver 17 for SQL Server][SQL Server]Invalid object name 'tblMXPRBajadasFormulados'.
        )

)

2026-07-23T21:18:28+02:00 zpl Array
(
    [0] => Array
        (
            [0] => 42S02
            [SQLSTATE] => 42S02
            [1] => 208
            [code] => 208
            [2] => [Microsoft][ODBC Driver 17 for SQL Server][SQL Server]Invalid object name 'tblMXPRBajadasFormulados'.
            [message] => [Microsoft][ODBC Driver 17 for SQL Server][SQL Server]Invalid object name 'tblMXPRBajadasFormulados'.
        )

)

2026-07-23T21:18:29+02:00 zpl Array
(
    [0] => Array
        (
            [0] => 42S02
            [SQLSTATE] => 42S02
            [1] => 208
            [code] => 208
            [2] => [Microsoft][ODBC Driver 17 for SQL Server][SQL Server]Invalid object name 'tblMXPRBajadasFormulados'.
            [message] => [Microsoft][ODBC Driver 17 for SQL Server][SQL Server]Invalid object name 'tblMXPRBajadasFormulados'.
        )

)

2026-07-23T21:19:32+02:00 zpl Array
(
    [0] => Array
        (
            [0] => 42S02
            [SQLSTATE] => 42S02
            [1] => 208
            [code] => 208
            [2] => [Microsoft][ODBC Driver 17 for SQL Server][SQL Server]Invalid object name 'tblMXPRBajadasFormulados'.
            [message] => [Microsoft][ODBC Driver 17 for SQL Server][SQL Server]Invalid object name 'tblMXPRBajadasFormulados'.
        )

)

2026-07-23T21:20:25+02:00 zpl Array
(
    [0] => Array
        (
            [0] => 42S02
            [SQLSTATE] => 42S02
            [1] => 208
            [code] => 208
            [2] => [Microsoft][ODBC Driver 17 for SQL Server][SQL Server]Invalid object name 'tblMXPRBajadasFormulados'.
            [message] => [Microsoft][ODBC Driver 17 for SQL Server][SQL Server]Invalid object name 'tblMXPRBajadasFormulados'.
        )

)

2026-07-23T21:20:27+02:00 zpl Array
(
    [0] => Array
        (
            [0] => 42S02
            [SQLSTATE] => 42S02
            [1] => 208
            [code] => 208
            [2] => [Microsoft][ODBC Driver 17 for SQL Server][SQL Server]Invalid object name 'tblMXPRBajadasFormulados'.
            [message] => [Microsoft][ODBC Driver 17 for SQL Server][SQL Server]Invalid object name 'tblMXPRBajadasFormulados'.
        )

)

2026-07-23T21:32:14+02:00 crear Array
(
    [0] => Array
        (
            [0] => 07002
            [SQLSTATE] => 07002
            [1] => 0
            [code] => 0
            [2] => [Microsoft][ODBC Driver 17 for SQL Server]COUNT field incorrect or syntax error
            [message] => [Microsoft][ODBC Driver 17 for SQL Server]COUNT field incorrect or syntax error
        )

)

2026-07-30T17:42:31+02:00 productos Array
(
    [0] => Array
        (
            [0] => 42000
            [SQLSTATE] => 42000
            [1] => 8127
            [code] => 8127
            [2] => [Microsoft][ODBC Driver 17 for SQL Server][SQL Server]Column "tblMXPRBajadasFormulados.noPalet" is invalid in the ORDER BY clause because it is not contained in either an aggregate function or the GROUP BY clause.
            [message] => [Microsoft][ODBC Driver 17 for SQL Server][SQL Server]Column "tblMXPRBajadasFormulados.noPalet" is invalid in the ORDER BY clause because it is not contained in either an aggregate function or the GROUP BY clause.
        )

)

2026-07-30T17:42:58+02:00 productos Array
(
    [0] => Array
        (
            [0] => 42000
            [SQLSTATE] => 42000
            [1] => 8120
            [code] => 8120
            [2] => [Microsoft][ODBC Driver 17 for SQL Server][SQL Server]Column 'tblMXPRBajadasFormulados.noPalet' is invalid in the select list because it is not contained in either an aggregate function or the GROUP BY clause.
            [message] => [Microsoft][ODBC Driver 17 for SQL Server][SQL Server]Column 'tblMXPRBajadasFormulados.noPalet' is invalid in the select list because it is not contained in either an aggregate function or the GROUP BY clause.
        )

)

2026-07-30T17:43:25+02:00 productos Array
(
    [0] => Array
        (
            [0] => 42000
            [SQLSTATE] => 42000
            [1] => 8127
            [code] => 8127
            [2] => [Microsoft][ODBC Driver 17 for SQL Server][SQL Server]Column "tblMXPRBajadasFormulados.noPalet" is invalid in the ORDER BY clause because it is not contained in either an aggregate function or the GROUP BY clause.
            [message] => [Microsoft][ODBC Driver 17 for SQL Server][SQL Server]Column "tblMXPRBajadasFormulados.noPalet" is invalid in the ORDER BY clause because it is not contained in either an aggregate function or the GROUP BY clause.
        )

)

2026-07-30T17:48:02+02:00 listar Array
(
    [0] => Array
        (
            [0] => 42000
            [SQLSTATE] => 42000
            [1] => 156
            [code] => 156
            [2] => [Microsoft][ODBC Driver 17 for SQL Server][SQL Server]Incorrect syntax near the keyword 'AND'.
            [message] => [Microsoft][ODBC Driver 17 for SQL Server][SQL Server]Incorrect syntax near the keyword 'AND'.
        )

)

