[2026-06-25 18:19:09] --- INICIO guardado ---
[2026-06-25 18:19:09] Folio=128935 Turno=1  (campos POST: 40)
[2026-06-25 18:19:09]   tblMXPRBitDisponibleWR -> 1 fila(s)
[2026-06-25 18:19:09]   tblMXPRBitRecuperadoWR -> 1 fila(s)
[2026-06-25 18:19:09]   tblMXPRBitPacasRecibidasWR -> 0 fila(s)
[2026-06-25 18:19:09]   tblMXPRBitPacasAlimentadasWR -> 0 fila(s)
[2026-06-25 18:19:09]   tblMXPRBitPresionWR -> 4 fila(s)
[2026-06-25 18:19:09]   tblMXPRBitOrdenLimpiezaWR -> 10 fila(s)
[2026-06-25 18:19:09]   tblMXPRBitTiemposWR -> 1 fila(s)
[2026-06-25 18:19:09]   tblMXPRBitWRMermaWR -> 2 fila(s)
[2026-06-25 18:19:09]   tblMXPRBitWRSamTolvaWR -> 0 fila(s)
[2026-06-25 18:19:09]   tblMXPRBitWRPacasAlimentadasWR -> 0 fila(s)
[2026-06-25 18:19:09]   tblMXPRBitWRMaquinaWR -> 1 fila(s)
[2026-06-25 18:19:09]   tblMXPRBitWRPacasMermaWR -> 2 fila(s)
[2026-06-25 18:19:09]   tblMXPRBitWRNotaWR -> 0 fila(s)
[2026-06-25 18:19:09]   tblMXPRBitPesoBolsaWR -> 24 fila(s)
[2026-06-25 18:19:09]   tblMXPRBitReporteWR -> 1 fila(s)
[2026-06-25 18:19:09]   tblMXPRBitResponsablesWR -> 1 fila(s)
[2026-06-25 18:19:09] OK commit. Total insertados: 48
[2026-06-25 18:19:09] --- FIN guardado ---
[2026-06-25 19:32:29] --- INICIO guardado ---
[2026-06-25 19:32:29] Folio=128935 Turno=1  (campos POST: 40)
[2026-06-25 19:32:29]   tblMXPRBitDisponibleWR -> 0 fila(s)
[2026-06-25 19:32:29]   tblMXPRBitRecuperadoWR -> 0 fila(s)
[2026-06-25 19:32:29]   tblMXPRBitPacasRecibidasWR -> 0 fila(s)
[2026-06-25 19:32:29]   tblMXPRBitPacasAlimentadasWR -> 0 fila(s)
[2026-06-25 19:32:29]   tblMXPRBitPresionWR -> 3 fila(s)
[2026-06-25 19:32:29]   tblMXPRBitOrdenLimpiezaWR -> 0 fila(s)
[2026-06-25 19:32:29]   tblMXPRBitTiemposWR -> 0 fila(s)
[2026-06-25 19:32:29]   tblMXPRBitWRMermaWR -> 0 fila(s)
[2026-06-25 19:32:29]   tblMXPRBitWRSamTolvaWR -> 0 fila(s)
[2026-06-25 19:32:29]   tblMXPRBitWRPacasAlimentadasWR -> 0 fila(s)
[2026-06-25 19:32:29]   tblMXPRBitWRMaquinaWR -> 0 fila(s)
[2026-06-25 19:32:29]   tblMXPRBitWRPacasMermaWR -> 0 fila(s)
[2026-06-25 19:32:29]   tblMXPRBitWRNotaWR -> 0 fila(s)
[2026-06-25 19:32:29]   tblMXPRBitPesoBolsaWR -> 0 fila(s)
[2026-06-25 19:32:29]   tblMXPRBitReporteWR -> 0 fila(s)
[2026-06-25 19:32:29]   tblMXPRBitResponsablesWR -> 0 fila(s)
[2026-06-25 19:32:29] OK commit. Total insertados: 3
[2026-06-25 19:32:29] --- FIN guardado ---
[2026-06-25 20:05:20] --- INICIO guardado ---
[2026-06-25 20:05:20] Folio=128935 Turno=1  (campos POST: 40)
[2026-06-25 20:05:20]   tblMXPRBitDisponibleWR -> 1 fila(s)
[2026-06-25 20:05:20]   tblMXPRBitRecuperadoWR -> 1 fila(s)
[2026-06-25 20:05:20]   tblMXPRBitPacasRecibidasWR -> 0 fila(s)
[2026-06-25 20:05:20]   tblMXPRBitPacasAlimentadasWR -> 5 fila(s)
[2026-06-25 20:05:20]   tblMXPRBitPresionWR -> 4 fila(s)
[2026-06-25 20:05:20]   tblMXPRBitOrdenLimpiezaWR -> 10 fila(s)
[2026-06-25 20:05:20]   tblMXPRBitTiemposWR -> 1 fila(s)
[2026-06-25 20:05:20]   tblMXPRBitWRMermaWR -> 2 fila(s)
[2026-06-25 20:05:20]   tblMXPRBitWRSamTolvaWR -> 2 fila(s)
[2026-06-25 20:05:20]   tblMXPRBitWRPacasAlimentadasWR -> 5 fila(s)
[2026-06-25 20:05:20]   tblMXPRBitWRMaquinaWR -> 1 fila(s)
[2026-06-25 20:05:20]   tblMXPRBitWRPacasMermaWR -> 2 fila(s)
[2026-06-25 20:05:20]   tblMXPRBitWRNotaWR -> 1 fila(s)
[2026-06-25 20:05:20]   tblMXPRBitPesoBolsaWR -> 24 fila(s)
[2026-06-25 20:05:20]   tblMXPRBitReporteWR -> 1 fila(s)
[2026-06-25 20:05:20]   tblMXPRBitResponsablesWR -> 1 fila(s)
[2026-06-25 20:05:20] OK commit. Total insertados: 61
[2026-06-25 20:05:20] --- FIN guardado ---
[2026-06-26 00:30:29] --- INICIO guardado ---
[2026-06-26 00:30:29] Folio=128957 Turno=2  (campos POST: 40)
[2026-06-26 00:30:29]   tblMXPRBitDisponibleWR -> 1 fila(s)
[2026-06-26 00:30:29]   tblMXPRBitRecuperadoWR -> 1 fila(s)
[2026-06-26 00:30:29]   tblMXPRBitPacasRecibidasWR -> 0 fila(s)
[2026-06-26 00:30:29]   tblMXPRBitPacasAlimentadasWR -> 0 fila(s)
[2026-06-26 00:30:29]   tblMXPRBitPresionWR -> 4 fila(s)
[2026-06-26 00:30:30]   tblMXPRBitOrdenLimpiezaWR -> 10 fila(s)
[2026-06-26 00:30:30]   tblMXPRBitTiemposWR -> 1 fila(s)
[2026-06-26 00:30:30]   tblMXPRBitExportacionWR -> 1 fila(s)
[2026-06-26 00:30:30]   tblMXPRBitSamRecuperadoWR -> 0 fila(s)
[2026-06-26 00:30:30]   tblMXPRBitWRMermaWR -> 2 fila(s)
[2026-06-26 00:30:30]   tblMXPRBitWRSamTolvaWR -> 0 fila(s)
[2026-06-26 00:30:30]   tblMXPRBitWRPacasAlimentadasWR -> 5 fila(s)
[2026-06-26 00:30:30]   tblMXPRBitWRMaquinaWR -> 1 fila(s)
[2026-06-26 00:30:30]   tblMXPRBitWRPacasMermaWR -> 2 fila(s)
[2026-06-26 00:30:30]   tblMXPRBitWRNotaWR -> 0 fila(s)
[2026-06-26 00:30:30]   tblMXPRBitPesoBolsaWR -> 10 fila(s)
[2026-06-26 00:30:30]   tblMXPRBitReporteWR -> 1 fila(s)
[2026-06-26 00:30:30]   tblMXPRBitResponsablesWR -> 1 fila(s)
[2026-06-26 00:30:30] OK commit. Total insertados: 40
[2026-06-26 00:30:30] --- FIN guardado ---
[2026-06-26 00:56:00] --- INICIO guardado ---
[2026-06-26 00:56:00] Folio=128935 Turno=1  (campos POST: 40)
[2026-06-26 00:56:00]   tblMXPRBitDisponibleWR -> 1 fila(s)
[2026-06-26 00:56:00]   tblMXPRBitRecuperadoWR -> 2 fila(s)
[2026-06-26 00:56:00]   tblMXPRBitPacasRecibidasWR -> 5 fila(s)
[2026-06-26 00:56:00]   tblMXPRBitPacasAlimentadasWR -> 5 fila(s)
[2026-06-26 00:56:00]   tblMXPRBitPresionWR -> 4 fila(s)
[2026-06-26 00:56:00]   tblMXPRBitOrdenLimpiezaWR -> 10 fila(s)
[2026-06-26 00:56:00]   tblMXPRBitTiemposWR -> 1 fila(s)
[2026-06-26 00:56:00]   tblMXPRBitExportacionWR -> 2 fila(s)
[2026-06-26 00:56:01]   tblMXPRBitSamRecuperadoWR -> 3 fila(s)
[2026-06-26 00:56:01]   tblMXPRBitWRMermaWR -> 2 fila(s)
[2026-06-26 00:56:01]   tblMXPRBitWRSamTolvaWR -> 2 fila(s)
[2026-06-26 00:56:01]   tblMXPRBitWRPacasAlimentadasWR -> 5 fila(s)
[2026-06-26 00:56:01]   tblMXPRBitWRMaquinaWR -> 2 fila(s)
[2026-06-26 00:56:01]   tblMXPRBitWRPacasMermaWR -> 2 fila(s)
[2026-06-26 00:56:01]   tblMXPRBitWRNotaWR -> 1 fila(s)
[2026-06-26 00:56:01]   tblMXPRBitPesoBolsaWR -> 24 fila(s)
[2026-06-26 00:56:01]   tblMXPRBitReporteWR -> 1 fila(s)
[2026-06-26 00:56:01]   tblMXPRBitResponsablesWR -> 1 fila(s)
[2026-06-26 00:56:01] OK commit. Total insertados: 73
[2026-06-26 00:56:01] --- FIN guardado ---
[2026-06-26 01:01:46] --- INICIO guardado ---
[2026-06-26 01:01:46] Folio=127433 Turno=1  (campos POST: 40)
[2026-06-26 01:01:46]   tblMXPRBitDisponibleWR -> 1 fila(s)
[2026-06-26 01:01:46]   tblMXPRBitRecuperadoWR -> 0 fila(s)
[2026-06-26 01:01:46]   tblMXPRBitPacasRecibidasWR -> 0 fila(s)
[2026-06-26 01:01:46]   tblMXPRBitPacasAlimentadasWR -> 0 fila(s)
[2026-06-26 01:01:46]   tblMXPRBitPresionWR -> 4 fila(s)
[2026-06-26 01:01:46]   tblMXPRBitOrdenLimpiezaWR -> 0 fila(s)
[2026-06-26 01:01:46]   tblMXPRBitTiemposWR -> 0 fila(s)
[2026-06-26 01:01:46]   tblMXPRBitExportacionWR -> 0 fila(s)
[2026-06-26 01:01:46]   tblMXPRBitSamRecuperadoWR -> 0 fila(s)
[2026-06-26 01:01:46]   tblMXPRBitWRMermaWR -> 0 fila(s)
[2026-06-26 01:01:46]   tblMXPRBitWRSamTolvaWR -> 0 fila(s)
[2026-06-26 01:01:46]   tblMXPRBitWRPacasAlimentadasWR -> 0 fila(s)
[2026-06-26 01:01:46]   tblMXPRBitWRMaquinaWR -> 0 fila(s)
[2026-06-26 01:01:46]   tblMXPRBitWRPacasMermaWR -> 0 fila(s)
[2026-06-26 01:01:46]   tblMXPRBitWRNotaWR -> 0 fila(s)
[2026-06-26 01:01:46]   tblMXPRBitPesoBolsaWR -> 0 fila(s)
[2026-06-26 01:01:46]   tblMXPRBitReporteWR -> 0 fila(s)
[2026-06-26 01:01:46]   tblMXPRBitResponsablesWR -> 0 fila(s)
[2026-06-26 01:01:46] OK commit. Total insertados: 5
[2026-06-26 01:01:46] --- FIN guardado ---
[2026-06-26 01:09:07] --- INICIO guardado ---
[2026-06-26 01:09:07] Folio=128935 Turno=1  (campos POST: 40)
[2026-06-26 01:09:07]   tblMXPRBitDisponibleWR -> 1 fila(s) (upsert)
[2026-06-26 01:09:07]   tblMXPRBitRecuperadoWR -> 2 fila(s) (upsert)
[2026-06-26 01:09:08]   tblMXPRBitPacasRecibidasWR -> 0 fila(s) (upsert)
[2026-06-26 01:09:08]   tblMXPRBitPacasAlimentadasWR -> 0 fila(s) (upsert)
[2026-06-26 01:09:08]   tblMXPRBitPresionWR -> 4 fila(s) (upsert)
[2026-06-26 01:09:08]   tblMXPRBitOrdenLimpiezaWR -> 10 fila(s) (upsert)
[2026-06-26 01:09:08]   tblMXPRBitTiemposWR -> 1 fila(s) (upsert)
[2026-06-26 01:09:08]   tblMXPRBitExportacionWR -> 2 fila(s) (upsert)
[2026-06-26 01:09:08]   tblMXPRBitSamRecuperadoWR -> 0 fila(s) (upsert)
[2026-06-26 01:09:08]   tblMXPRBitWRMermaWR -> 2 fila(s) (upsert)
[2026-06-26 01:09:08]   tblMXPRBitWRSamTolvaWR -> 2 fila(s) (upsert)
[2026-06-26 01:09:08]   tblMXPRBitWRPacasAlimentadasWR -> 5 fila(s) (upsert)
[2026-06-26 01:09:08]   tblMXPRBitWRMaquinaWR -> 2 fila(s) (upsert)
[2026-06-26 01:09:08]   tblMXPRBitWRPacasMermaWR -> 2 fila(s) (upsert)
[2026-06-26 01:09:08]   tblMXPRBitWRNotaWR -> 1 fila(s) (upsert)
[2026-06-26 01:09:08]   tblMXPRBitPesoBolsaWR -> 24 fila(s) (upsert)
[2026-06-26 01:09:08]   tblMXPRBitReporteWR -> 1 fila(s) (upsert)
[2026-06-26 01:09:08]   tblMXPRBitResponsablesWR -> 1 fila(s) (upsert)
[2026-06-26 01:09:08] OK commit. Total insertados: 60
[2026-06-26 01:09:08] --- FIN guardado ---
[2026-06-26 01:09:38] --- INICIO guardado ---
[2026-06-26 01:09:38] Folio=128935 Turno=1  (campos POST: 40)
[2026-06-26 01:09:38]   tblMXPRBitDisponibleWR -> 1 fila(s) (upsert)
[2026-06-26 01:09:38]   tblMXPRBitRecuperadoWR -> 2 fila(s) (upsert)
[2026-06-26 01:09:38]   tblMXPRBitPacasRecibidasWR -> 0 fila(s) (upsert)
[2026-06-26 01:09:38]   tblMXPRBitPacasAlimentadasWR -> 0 fila(s) (upsert)
[2026-06-26 01:09:38]   tblMXPRBitPresionWR -> 4 fila(s) (upsert)
[2026-06-26 01:09:38]   tblMXPRBitOrdenLimpiezaWR -> 10 fila(s) (upsert)
[2026-06-26 01:09:38]   tblMXPRBitTiemposWR -> 1 fila(s) (upsert)
[2026-06-26 01:09:38]   tblMXPRBitExportacionWR -> 2 fila(s) (upsert)
[2026-06-26 01:09:38]   tblMXPRBitSamRecuperadoWR -> 0 fila(s) (upsert)
[2026-06-26 01:09:38]   tblMXPRBitWRMermaWR -> 2 fila(s) (upsert)
[2026-06-26 01:09:38]   tblMXPRBitWRSamTolvaWR -> 2 fila(s) (upsert)
[2026-06-26 01:09:38]   tblMXPRBitWRPacasAlimentadasWR -> 5 fila(s) (upsert)
[2026-06-26 01:09:38]   tblMXPRBitWRMaquinaWR -> 2 fila(s) (upsert)
[2026-06-26 01:09:38]   tblMXPRBitWRPacasMermaWR -> 2 fila(s) (upsert)
[2026-06-26 01:09:38]   tblMXPRBitWRNotaWR -> 1 fila(s) (upsert)
[2026-06-26 01:09:38]   tblMXPRBitPesoBolsaWR -> 24 fila(s) (upsert)
[2026-06-26 01:09:38]   tblMXPRBitReporteWR -> 1 fila(s) (upsert)
[2026-06-26 01:09:38]   tblMXPRBitResponsablesWR -> 1 fila(s) (upsert)
[2026-06-26 01:09:38] OK commit. Total insertados: 60
[2026-06-26 01:09:38] --- FIN guardado ---
[2026-06-26 21:26:29] --- INICIO guardado ---
[2026-06-26 21:26:29] Folio=129006 Turno=1  (campos POST: 40)
[2026-06-26 21:26:29]   tblMXPRBitDisponibleWR -> 6 fila(s) (upsert)
[2026-06-26 21:26:29]   tblMXPRBitRecuperadoWR -> 6 fila(s) (upsert)
[2026-06-26 21:26:29]   tblMXPRBitPacasRecibidasWR -> 5 fila(s) (upsert)
[2026-06-26 21:26:29]   tblMXPRBitPacasAlimentadasWR -> 5 fila(s) (upsert)
[2026-06-26 21:26:29]   tblMXPRBitPresionWR -> 4 fila(s) (upsert)
[2026-06-26 21:26:29]   tblMXPRBitOrdenLimpiezaWR -> 10 fila(s) (upsert)
[2026-06-26 21:26:29]   tblMXPRBitTiemposWR -> 1 fila(s) (upsert)
[2026-06-26 21:26:29]   tblMXPRBitExportacionWR -> 1 fila(s) (upsert)
[2026-06-26 21:26:29] ROLLBACK: INSERT tblMXPRBitSamRecuperadoWR: Array
(
    [0] => Array
        (
            [0] => 42000
            [SQLSTATE] => 42000
            [1] => 8114
            [code] => 8114
            [2] => [Microsoft][ODBC Driver 17 for SQL Server][SQL Server]Error converting data type nvarchar to numeric.
            [message] => [Microsoft][ODBC Driver 17 for SQL Server][SQL Server]Error converting data type nvarchar to numeric.
        )

)

[2026-06-26 21:58:25] --- INICIO guardado ---
[2026-06-26 21:58:25] Folio=129006 Turno=1  (campos POST: 40)
[2026-06-26 21:58:26]   tblMXPRBitDisponibleWR -> 6 fila(s) (upsert)
[2026-06-26 21:58:26]   tblMXPRBitRecuperadoWR -> 6 fila(s) (upsert)
[2026-06-26 21:58:26]   tblMXPRBitPacasRecibidasWR -> 5 fila(s) (upsert)
[2026-06-26 21:58:26]   tblMXPRBitPacasAlimentadasWR -> 5 fila(s) (upsert)
[2026-06-26 21:58:26]   tblMXPRBitPresionWR -> 4 fila(s) (upsert)
[2026-06-26 21:58:26]   tblMXPRBitOrdenLimpiezaWR -> 10 fila(s) (upsert)
[2026-06-26 21:58:26]   tblMXPRBitTiemposWR -> 1 fila(s) (upsert)
[2026-06-26 21:58:26]   tblMXPRBitExportacionWR -> 2 fila(s) (upsert)
[2026-06-26 21:58:26]   tblMXPRBitSamRecuperadoWR -> 5 fila(s) (upsert)
[2026-06-26 21:58:26]   tblMXPRBitWRMermaWR -> 2 fila(s) (upsert)
[2026-06-26 21:58:26]   tblMXPRBitWRSamTolvaWR -> 2 fila(s) (upsert)
[2026-06-26 21:58:26]   tblMXPRBitWRPacasAlimentadasWR -> 5 fila(s) (upsert)
[2026-06-26 21:58:26]   tblMXPRBitWRMaquinaWR -> 6 fila(s) (upsert)
[2026-06-26 21:58:26]   tblMXPRBitWRPacasMermaWR -> 2 fila(s) (upsert)
[2026-06-26 21:58:26]   tblMXPRBitWRNotaWR -> 6 fila(s) (upsert)
[2026-06-26 21:58:26]   tblMXPRBitPesoBolsaWR -> 11 fila(s) (upsert)
[2026-06-26 21:58:26]   tblMXPRBitReporteWR -> 1 fila(s) (upsert)
[2026-06-26 21:58:26]   tblMXPRBitResponsablesWR -> 1 fila(s) (upsert)
[2026-06-26 21:58:26] OK commit. Total insertados: 80
[2026-06-26 21:58:26] --- FIN guardado ---
[2026-06-27 00:22:54] --- INICIO guardado ---
[2026-06-27 00:22:54] Folio=129026 Turno=2  (campos POST: 40)
[2026-06-27 00:22:54]   tblMXPRBitDisponibleWR -> 6 fila(s) (upsert)
[2026-06-27 00:22:54]   tblMXPRBitRecuperadoWR -> 6 fila(s) (upsert)
[2026-06-27 00:22:54]   tblMXPRBitPacasRecibidasWR -> 0 fila(s) (upsert)
[2026-06-27 00:22:54]   tblMXPRBitPacasAlimentadasWR -> 0 fila(s) (upsert)
[2026-06-27 00:22:54]   tblMXPRBitPresionWR -> 4 fila(s) (upsert)
[2026-06-27 00:22:54]   tblMXPRBitOrdenLimpiezaWR -> 10 fila(s) (upsert)
[2026-06-27 00:22:54]   tblMXPRBitTiemposWR -> 1 fila(s) (upsert)
[2026-06-27 00:22:54]   tblMXPRBitExportacionWR -> 1 fila(s) (upsert)
[2026-06-27 00:22:54]   tblMXPRBitSamRecuperadoWR -> 1 fila(s) (upsert)
[2026-06-27 00:22:54]   tblMXPRBitWRMermaWR -> 2 fila(s) (upsert)
[2026-06-27 00:22:54]   tblMXPRBitWRSamTolvaWR -> 0 fila(s) (upsert)
[2026-06-27 00:22:54]   tblMXPRBitWRPacasAlimentadasWR -> 0 fila(s) (upsert)
[2026-06-27 00:22:54]   tblMXPRBitWRMaquinaWR -> 6 fila(s) (upsert)
[2026-06-27 00:22:54]   tblMXPRBitWRPacasMermaWR -> 2 fila(s) (upsert)
[2026-06-27 00:22:54]   tblMXPRBitWRNotaWR -> 0 fila(s) (upsert)
[2026-06-27 00:22:54]   tblMXPRBitPesoBolsaWR -> 10 fila(s) (upsert)
[2026-06-27 00:22:54]   tblMXPRBitReporteWR -> 1 fila(s) (upsert)
[2026-06-27 00:22:54]   tblMXPRBitResponsablesWR -> 1 fila(s) (upsert)
[2026-06-27 00:22:54] OK commit. Total insertados: 51
[2026-06-27 00:22:54] --- FIN guardado ---
[2026-06-27 00:26:29] --- INICIO guardado ---
[2026-06-27 00:26:29] Folio=129006 Turno=1  (campos POST: 40)
[2026-06-27 00:26:29]   tblMXPRBitDisponibleWR -> 3 fila(s) (upsert)
[2026-06-27 00:26:29]   tblMXPRBitRecuperadoWR -> 3 fila(s) (upsert)
[2026-06-27 00:26:29]   tblMXPRBitPacasRecibidasWR -> 0 fila(s) (upsert)
[2026-06-27 00:26:29]   tblMXPRBitPacasAlimentadasWR -> 0 fila(s) (upsert)
[2026-06-27 00:26:29]   tblMXPRBitPresionWR -> 4 fila(s) (upsert)
[2026-06-27 00:26:29]   tblMXPRBitOrdenLimpiezaWR -> 10 fila(s) (upsert)
[2026-06-27 00:26:30]   tblMXPRBitTiemposWR -> 1 fila(s) (upsert)
[2026-06-27 00:26:30]   tblMXPRBitExportacionWR -> 2 fila(s) (upsert)
[2026-06-27 00:26:30]   tblMXPRBitSamRecuperadoWR -> 2 fila(s) (upsert)
[2026-06-27 00:26:30]   tblMXPRBitWRMermaWR -> 2 fila(s) (upsert)
[2026-06-27 00:26:30]   tblMXPRBitWRSamTolvaWR -> 0 fila(s) (upsert)
[2026-06-27 00:26:30]   tblMXPRBitWRPacasAlimentadasWR -> 0 fila(s) (upsert)
[2026-06-27 00:26:30]   tblMXPRBitWRMaquinaWR -> 3 fila(s) (upsert)
[2026-06-27 00:26:30]   tblMXPRBitWRPacasMermaWR -> 2 fila(s) (upsert)
[2026-06-27 00:26:30]   tblMXPRBitWRNotaWR -> 6 fila(s) (upsert)
[2026-06-27 00:26:30]   tblMXPRBitPesoBolsaWR -> 11 fila(s) (upsert)
[2026-06-27 00:26:30]   tblMXPRBitReporteWR -> 1 fila(s) (upsert)
[2026-06-27 00:26:30]   tblMXPRBitResponsablesWR -> 1 fila(s) (upsert)
[2026-06-27 00:26:30] OK commit. Total insertados: 51
[2026-06-27 00:26:30] --- FIN guardado ---
[2026-07-02 00:16:38] --- INICIO guardado ---
[2026-07-02 00:16:38] Folio=129356 Turno=2  (campos POST: 40)
[2026-07-02 00:16:38]   tblMXPRBitDisponibleWR -> 1 fila(s) (upsert)
[2026-07-02 00:16:38]   tblMXPRBitRecuperadoWR -> 1 fila(s) (upsert)
[2026-07-02 00:16:38]   tblMXPRBitPacasRecibidasWR -> 0 fila(s) (upsert)
[2026-07-02 00:16:38]   tblMXPRBitPacasAlimentadasWR -> 1 fila(s) (upsert)
[2026-07-02 00:16:38]   tblMXPRBitPresionWR -> 4 fila(s) (upsert)
[2026-07-02 00:16:38]   tblMXPRBitOrdenLimpiezaWR -> 10 fila(s) (upsert)
[2026-07-02 00:16:38]   tblMXPRBitTiemposWR -> 1 fila(s) (upsert)
[2026-07-02 00:16:38]   tblMXPRBitExportacionWR -> 1 fila(s) (upsert)
[2026-07-02 00:16:38]   tblMXPRBitSamRecuperadoWR -> 0 fila(s) (upsert)
[2026-07-02 00:16:38]   tblMXPRBitWRMermaWR -> 2 fila(s) (upsert)
[2026-07-02 00:16:38]   tblMXPRBitWRSamTolvaWR -> 2 fila(s) (upsert)
[2026-07-02 00:16:38]   tblMXPRBitWRPacasAlimentadasWR -> 1 fila(s) (upsert)
[2026-07-02 00:16:38]   tblMXPRBitWRMaquinaWR -> 1 fila(s) (upsert)
[2026-07-02 00:16:38]   tblMXPRBitWRPacasMermaWR -> 2 fila(s) (upsert)
[2026-07-02 00:16:38]   tblMXPRBitWRNotaWR -> 2 fila(s) (upsert)
[2026-07-02 00:16:38]   tblMXPRBitPesoBolsaWR -> 10 fila(s) (upsert)
[2026-07-02 00:16:38]   tblMXPRBitReporteWR -> 1 fila(s) (upsert)
[2026-07-02 00:16:38]   tblMXPRBitResponsablesWR -> 1 fila(s) (upsert)
[2026-07-02 00:16:38] OK commit. Total insertados: 41
[2026-07-02 00:16:38] --- FIN guardado ---
[2026-07-02 00:18:33] --- INICIO guardado ---
[2026-07-02 00:18:33] Folio=129356 Turno=2  (campos POST: 40)
[2026-07-02 00:18:33]   tblMXPRBitDisponibleWR -> 1 fila(s) (upsert)
[2026-07-02 00:18:33]   tblMXPRBitRecuperadoWR -> 1 fila(s) (upsert)
[2026-07-02 00:18:33]   tblMXPRBitPacasRecibidasWR -> 0 fila(s) (upsert)
[2026-07-02 00:18:33]   tblMXPRBitPacasAlimentadasWR -> 1 fila(s) (upsert)
[2026-07-02 00:18:33]   tblMXPRBitPresionWR -> 4 fila(s) (upsert)
[2026-07-02 00:18:33]   tblMXPRBitOrdenLimpiezaWR -> 10 fila(s) (upsert)
[2026-07-02 00:18:33]   tblMXPRBitTiemposWR -> 1 fila(s) (upsert)
[2026-07-02 00:18:33]   tblMXPRBitExportacionWR -> 1 fila(s) (upsert)
[2026-07-02 00:18:33]   tblMXPRBitSamRecuperadoWR -> 1 fila(s) (upsert)
[2026-07-02 00:18:33]   tblMXPRBitWRMermaWR -> 2 fila(s) (upsert)
[2026-07-02 00:18:33]   tblMXPRBitWRSamTolvaWR -> 2 fila(s) (upsert)
[2026-07-02 00:18:33]   tblMXPRBitWRPacasAlimentadasWR -> 1 fila(s) (upsert)
[2026-07-02 00:18:33]   tblMXPRBitWRMaquinaWR -> 1 fila(s) (upsert)
[2026-07-02 00:18:33]   tblMXPRBitWRPacasMermaWR -> 2 fila(s) (upsert)
[2026-07-02 00:18:33]   tblMXPRBitWRNotaWR -> 2 fila(s) (upsert)
[2026-07-02 00:18:33]   tblMXPRBitPesoBolsaWR -> 10 fila(s) (upsert)
[2026-07-02 00:18:33]   tblMXPRBitReporteWR -> 1 fila(s) (upsert)
[2026-07-02 00:18:33]   tblMXPRBitResponsablesWR -> 1 fila(s) (upsert)
[2026-07-02 00:18:33] OK commit. Total insertados: 42
[2026-07-02 00:18:33] --- FIN guardado ---
[2026-07-02 00:18:37] --- INICIO guardado ---
[2026-07-02 00:18:37] Folio=129356 Turno=2  (campos POST: 40)
[2026-07-02 00:18:37]   tblMXPRBitDisponibleWR -> 1 fila(s) (upsert)
[2026-07-02 00:18:37]   tblMXPRBitRecuperadoWR -> 1 fila(s) (upsert)
[2026-07-02 00:18:37]   tblMXPRBitPacasRecibidasWR -> 0 fila(s) (upsert)
[2026-07-02 00:18:37]   tblMXPRBitPacasAlimentadasWR -> 1 fila(s) (upsert)
[2026-07-02 00:18:37]   tblMXPRBitPresionWR -> 4 fila(s) (upsert)
[2026-07-02 00:18:37]   tblMXPRBitOrdenLimpiezaWR -> 10 fila(s) (upsert)
[2026-07-02 00:18:37]   tblMXPRBitTiemposWR -> 1 fila(s) (upsert)
[2026-07-02 00:18:37]   tblMXPRBitExportacionWR -> 1 fila(s) (upsert)
[2026-07-02 00:18:37]   tblMXPRBitSamRecuperadoWR -> 1 fila(s) (upsert)
[2026-07-02 00:18:37]   tblMXPRBitWRMermaWR -> 2 fila(s) (upsert)
[2026-07-02 00:18:37]   tblMXPRBitWRSamTolvaWR -> 2 fila(s) (upsert)
[2026-07-02 00:18:37]   tblMXPRBitWRPacasAlimentadasWR -> 1 fila(s) (upsert)
[2026-07-02 00:18:37]   tblMXPRBitWRMaquinaWR -> 1 fila(s) (upsert)
[2026-07-02 00:18:37]   tblMXPRBitWRPacasMermaWR -> 2 fila(s) (upsert)
[2026-07-02 00:18:37]   tblMXPRBitWRNotaWR -> 2 fila(s) (upsert)
[2026-07-02 00:18:37]   tblMXPRBitPesoBolsaWR -> 10 fila(s) (upsert)
[2026-07-02 00:18:37]   tblMXPRBitReporteWR -> 1 fila(s) (upsert)
[2026-07-02 00:18:37]   tblMXPRBitResponsablesWR -> 1 fila(s) (upsert)
[2026-07-02 00:18:37] OK commit. Total insertados: 42
[2026-07-02 00:18:37] --- FIN guardado ---
[2026-07-06 20:04:51] --- INICIO guardado ---
[2026-07-06 20:04:51] Folio=129717 Turno=1  (campos POST: 40)
[2026-07-06 20:04:51]   tblMXPRBitDisponibleWR -> 2 fila(s) (upsert)
[2026-07-06 20:04:51]   tblMXPRBitRecuperadoWR -> 2 fila(s) (upsert)
[2026-07-06 20:04:51]   tblMXPRBitPacasRecibidasWR -> 1 fila(s) (upsert)
[2026-07-06 20:04:51]   tblMXPRBitPacasAlimentadasWR -> 1 fila(s) (upsert)
[2026-07-06 20:04:51]   tblMXPRBitPresionWR -> 4 fila(s) (upsert)
[2026-07-06 20:04:51]   tblMXPRBitOrdenLimpiezaWR -> 10 fila(s) (upsert)
[2026-07-06 20:04:51]   tblMXPRBitTiemposWR -> 0 fila(s) (upsert)
[2026-07-06 20:04:51]   tblMXPRBitExportacionWR -> 0 fila(s) (upsert)
[2026-07-06 20:04:51]   tblMXPRBitSamRecuperadoWR -> 1 fila(s) (upsert)
[2026-07-06 20:04:51]   tblMXPRBitWRMermaWR -> 2 fila(s) (upsert)
[2026-07-06 20:04:51]   tblMXPRBitWRSamTolvaWR -> 1 fila(s) (upsert)
[2026-07-06 20:04:51]   tblMXPRBitWRPacasAlimentadasWR -> 1 fila(s) (upsert)
[2026-07-06 20:04:51]   tblMXPRBitWRMaquinaWR -> 2 fila(s) (upsert)
[2026-07-06 20:04:51]   tblMXPRBitWRPacasMermaWR -> 2 fila(s) (upsert)
[2026-07-06 20:04:51]   tblMXPRBitWRNotaWR -> 0 fila(s) (upsert)
[2026-07-06 20:04:51]   tblMXPRBitPesoBolsaWR -> 8 fila(s) (upsert)
[2026-07-06 20:04:51]   tblMXPRBitReporteWR -> 1 fila(s) (upsert)
[2026-07-06 20:04:51]   tblMXPRBitResponsablesWR -> 1 fila(s) (upsert)
[2026-07-06 20:04:51] OK commit. Total insertados: 39
[2026-07-06 20:04:51] --- FIN guardado ---
